// Jest Snapshot v1, https://goo.gl/fbAQLP

exports[`Greeting component should render correctly 1`] = `
<View
  style={
    Array [
      Object {
        "alignItems": "center",
        "backgroundColor": "red",
        "height": 70,
        "justifyContent": "center",
        "margin": 20,
        "width": 70,
      },
      undefined,
    ]
  }
>
  <Text
    style={
      Array [
        Object {
          "color": "green",
          "textAlign": "center",
        },
        undefined,
      ]
    }
  >
    Hello
  </Text>
</View>
`;
